Microchip MPLAB XC8 Compiler V2.50

Linker command line:

-W-3 --edf=/opt/microchip/xc8/v2.50/pic/dat/20240725155939_en.msgs -cn \
  -h+dist/default/production/Prueba1_GLCD_JHD12864E_45k50.X.production.sym \
  --cmf=dist/default/production/Prueba1_GLCD_JHD12864E_45k50.X.production.cmf \
  -z -Q18F45K50 -o/tmp/xcXieFFCO/driver_tmp_3.o --defsym=__MPLAB_BUILD=1 \
  --fixupoverflow=error \
  -Mdist/default/production/Prueba1_GLCD_JHD12864E_45k50.X.production.map \
  --md=/tmp/xcXieFFCO/driver_tmp_0.dat -E1 -ver=XC8 Compiler --acfsm=1493 \
  -ACODE=00h-07FFFh -ACONST=00h-07FFFh -ASMALLCONST=0800h-08FFhx120 \
  -AMEDIUMCONST=0800h-07FFFh -ACOMRAM=01h-05Fh -AABS1=00h-07FFh \
  -ABIGRAM=01h-07FFh -ARAM=060h-0FFh,0100h-01FFhx7 -ABANK0=060h-0FFh \
  -ABANK1=0100h-01FFh -ABANK2=0200h-02FFh -ABANK3=0300h-03FFh \
  -ABANK4=0400h-04FFh -ABANK5=0500h-05FFh -ABANK6=0600h-06FFh \
  -ABANK7=0700h-07FFh -ASFR=0F53h-0F5Fh,0F60h-0FFFh -ABIGSFR=0F53h-0FFFh \
  -ACONFIG=0300000h-030000Dh -AIDLOC=0200000h-0200007h \
  -AEEDATA=0F00000h-0F000FFh -peeprom_data=EEDATA \
  -preset_vec=00h,intcode,sivt_hi,intcodelo,sivt_lo,powerup,init \
  -pramtop=0800h -psmallconst=SMALLCONST -pmediumconst=MEDIUMCONST \
  -pconst=CONST -AFARRAM=00h-00h \
  -prdata=COMRAM,nvrram=COMRAM,nvbit=COMRAM,rbss=COMRAM,rbit=COMRAM \
  -pfarbss=FARRAM,fardata=FARRAM,nvFARRAM=FARRAM \
  -pintsave_regs=BIGRAM,bigbss=BIGRAM,bigdata=BIGRAM -pbss=RAM \
  -pidata=CODE,irdata=CODE,ibigdata=CODE,ifardata=CODE -prparam=COMRAM \
  /tmp/xcXieFFCO/driver_tmp_9.o \
  dist/default/production/Prueba1_GLCD_JHD12864E_45k50.X.production.o 

Object code version is 3.11

Machine type is 18F45K50



                Name                               Link     Load   Length Selector   Space Scale
/tmp/xcXieFFCO/driver_tmp_9.o
                config                           300000   300000        E        0       4
                init                                  0        0        4        0       0
dist/default/production/Prueba1_GLCD_JHD12864E_45k50.X.production.o
                config                           300000   300000        E        0       4
                mediumconst                        77FE     77FE      802     3BFF       0
                text5                              76B4     76B4       1E     3B5A       0
                text4                              76D2     76D2       1E     3B69       0
                text3                              769E     769E        6     3B4F       0
                text2                              76A4     76A4        6     3B52       0
                text1                              76F0     76F0       48     3B78       0
                text0                              7738     7738       C6     3B9C       0
                cstackCOMRAM                          1        1        6        1       1
                cinit                              76AA     76AA        A     3B55       0

TOTAL           Name                               Link     Load   Length     Space
        CLASS   CODE           
                init                                  0        0        4         0
                text5                              76B4     76B4       1E         0
                text4                              76D2     76D2       1E         0
                text3                              769E     769E        6         0
                text2                              76A4     76A4        6         0
                text1                              76F0     76F0       48         0
                text0                              7738     7738       C6         0
                cinit                              76AA     76AA        A         0

        CLASS   CONST          

        CLASS   SMALLCONST     

        CLASS   MEDIUMCONST    
                mediumconst                        77FE     77FE      802         0

        CLASS   COMRAM         
                cstackCOMRAM                          1        1        6         1

        CLASS   ABS1           

        CLASS   BIGRAM         

        CLASS   RAM            

        CLASS   BANK0          

        CLASS   BANK1          

        CLASS   BANK2          

        CLASS   BANK3          

        CLASS   BANK4          

        CLASS   BANK5          

        CLASS   BANK6          

        CLASS   BANK7          

        CLASS   SFR            

        CLASS   BIGSFR         

        CLASS   CONFIG         
                config                           300000   300000        E         4

        CLASS   IDLOC          

        CLASS   EEDATA         

        CLASS   FARRAM         

        CLASS   HEAP           

        CLASS   STACK          



SEGMENTS        Name                           Load    Length   Top    Selector   Space  Class

                text5                          0076B4  00001E  0076D2      3B5A       0  CODE    
                text4                          0076D2  00001E  0076F0      3B69       0  CODE    
                reset_vec                      000000  000004  000004         0       0  CODE    
                cinit                          0076AA  00000A  0076B4      3B55       0  CODE    
                text0                          007738  0000C6  0077FE      3B9C       0  CODE    
                text1                          0076F0  000048  007738      3B78       0  CODE    
                text2                          0076A4  000006  0076AA      3B52       0  CODE    
                text3                          00769E  000006  0076A4      3B4F       0  CODE    
                mediumconst                    0077FE  000802  008000      3BFF       0  MEDIUMCO
                cstackCOMRAM                   000001  000006  000007         1       1  COMRAM  


UNUSED ADDRESS RANGES

        Name                Unused          Largest block    Delta
        BANK0            000060-0000FF               A0
        BANK1            000100-0001FF              100
        BANK2            000200-0002FF              100
        BANK3            000300-0003FF              100
        BANK4            000400-0004FF              100
        BANK5            000500-0005FF              100
        BANK6            000600-0006FF              100
        BANK7            000700-0007FF              100
        BIGRAM           000007-0007FF              7F9
        BIGSFR           000F53-000FFF               AD
        CODE             000004-00769D             769A
        COMRAM           000007-00005F               59
        CONST            000004-00769D             769A
        EEDATA           F00000-F000FF              100
        IDLOC            200000-200007                8
        MEDIUMCONST      000800-00769D             6E9E
        RAM              000060-0007FF              100
        SFR              000F53-000FFF                D
        SMALLCONST       000800-00769D              100

                                  Symbol Table

GLCD_CmdWrite@cmd         cstackCOMRAM 000001
GLCD_DataWrite@dat        cstackCOMRAM 000001
_ANSELB                   (abs)        000F5C
_ANSELD                   (abs)        000F5E
_GLCD_CmdWrite            text4        0076D2
_GLCD_DataWrite           text5        0076B4
_GLCD_Init                text1        0076F0
_GLCD_SelectPage0         text3        00769E
_GLCD_SelectPage1         text2        0076A4
_PORTB                    (abs)        000F81
_PORTD                    (abs)        000F83
_TRISB                    (abs)        000F93
_TRISD                    (abs)        000F95
__HRAM                    (abs)        000000
__H__absolute__           __absolute__ 000000
__Habs1                   abs1         000000
__Hbank0                  bank0        000000
__Hbank1                  bank1        000000
__Hbank2                  bank2        000000
__Hbank3                  bank3        000000
__Hbank4                  bank4        000000
__Hbank5                  bank5        000000
__Hbank6                  bank6        000000
__Hbank7                  bank7        000000
__Hbigbss                 bigbss       000000
__Hbigdata                bigdata      000000
__Hbigram                 bigram       000000
__Hbigsfr                 bigsfr       000000
__Hbss                    bss          000000
__Hcinit                  cinit        000000
__Hclrtext                clrtext      000000
__Hcomram                 comram       000000
__Hconfig                 config       30000E
__Hconst                  const        000000
__HcstackCOMRAM           cstackCOMRAM 000000
__Hdata                   data         000000
__Heeprom_data            eeprom_data  000000
__Hfarbss                 farbss       000000
__Hfardata                fardata      000000
__Hheap                   heap         000000
__Hibigdata               ibigdata     000000
__Hidata                  idata        000000
__Hidloc                  idloc        000000
__Hifardata               ifardata     000000
__Hinit                   init         000004
__Hintcode                intcode      000000
__Hintcode_body           intcode_body 000000
__Hintcodelo              intcodelo    000000
__Hintentry               intentry     000000
__Hintret                 intret       000000
__Hintsave_regs           intsave_regs 000000
__Hirdata                 irdata       000000
__Hmediumconst            mediumconst  008000
__HnvFARRAM               nvFARRAM     000000
__Hnvbit                  nvbit        000000
__Hnvrram                 nvrram       000000
__Hparam                  rparam       000000
__Hpowerup                powerup      000000
__Hram                    ram          000000
__Hramtop                 ramtop       000800
__Hrbit                   rbit         000000
__Hrbss                   rbss         000000
__Hrdata                  rdata        000000
__Hreset_vec              reset_vec    000000
__Hrparam                 rparam       000000
__Hsfr                    sfr          000000
__Hsivt_hi                sivt_hi      000000
__Hsivt_lo                sivt_lo      000000
__Hsmallconst             smallconst   000000
__Hspace_0                (abs)        008000
__Hspace_1                (abs)        000007
__Hspace_2                (abs)        000000
__Hspace_4                (abs)        60000E
__Hstack                  stack        000000
__Hstruct                 struct       000000
__Htemp                   temp         000000
__Htext                   text         000000
__Htext0                  text0        000000
__Htext1                  text1        000000
__Htext2                  text2        000000
__Htext3                  text3        000000
__Htext4                  text4        000000
__Htext5                  text5        000000
__LRAM                    (abs)        000001
__L__absolute__           __absolute__ 000000
__Labs1                   abs1         000000
__Lbank0                  bank0        000000
__Lbank1                  bank1        000000
__Lbank2                  bank2        000000
__Lbank3                  bank3        000000
__Lbank4                  bank4        000000
__Lbank5                  bank5        000000
__Lbank6                  bank6        000000
__Lbank7                  bank7        000000
__Lbigbss                 bigbss       000000
__Lbigdata                bigdata      000000
__Lbigram                 bigram       000000
__Lbigsfr                 bigsfr       000000
__Lbss                    bss          000000
__Lcinit                  cinit        000000
__Lclrtext                clrtext      000000
__Lcomram                 comram       000000
__Lconfig                 config       000000
__Lconst                  const        000000
__LcstackCOMRAM           cstackCOMRAM 000000
__Ldata                   data         000000
__Leeprom_data            eeprom_data  000000
__Lfarbss                 farbss       000000
__Lfardata                fardata      000000
__Lheap                   heap         000000
__Libigdata               ibigdata     000000
__Lidata                  idata        000000
__Lidloc                  idloc        000000
__Lifardata               ifardata     000000
__Linit                   init         000000
__Lintcode                intcode      000000
__Lintcode_body           intcode_body 000000
__Lintcodelo              intcodelo    000000
__Lintentry               intentry     000000
__Lintret                 intret       000000
__Lintsave_regs           intsave_regs 000000
__Lirdata                 irdata       000000
__Lmediumconst            mediumconst  0077FE
__LnvFARRAM               nvFARRAM     000000
__Lnvbit                  nvbit        000000
__Lnvrram                 nvrram       000000
__Lparam                  rparam       000000
__Lpowerup                powerup      000000
__Lram                    ram          000000
__Lramtop                 ramtop       000800
__Lrbit                   rbit         000000
__Lrbss                   rbss         000000
__Lrdata                  rdata        000000
__Lreset_vec              reset_vec    000000
__Lrparam                 rparam       000000
__Lsfr                    sfr          000000
__Lsivt_hi                sivt_hi      000000
__Lsivt_lo                sivt_lo      000000
__Lsmallconst             smallconst   000000
__Lspace_0                (abs)        000000
__Lspace_1                (abs)        000000
__Lspace_2                (abs)        000000
__Lspace_4                (abs)        000000
__Lstack                  stack        000000
__Lstruct                 struct       000000
__Ltemp                   temp         000000
__Ltext                   text         000000
__Ltext0                  text0        000000
__Ltext1                  text1        000000
__Ltext2                  text2        000000
__Ltext3                  text3        000000
__Ltext4                  text4        000000
__Ltext5                  text5        000000
__S0                      (abs)        008000
__S1                      (abs)        000007
__S4                      (abs)        000000
__S5                      (abs)        000000
___heap_hi                (abs)        000000
___heap_lo                (abs)        000000
___inthi_sp               stack        000000
___inthi_stack_hi         stack        000000
___inthi_stack_lo         stack        000000
___intlo_sp               stack        000000
___intlo_stack_hi         stack        000000
___intlo_stack_lo         stack        000000
___param_bank             (abs)        000000
___rparam_used            (abs)        000001
___sp                     stack        000000
___stack_hi               stack        000000
___stack_lo               stack        000000
__accesstop               (abs)        000060
__activetblptr            (abs)        000002
__end_of_GLCD_CmdWrite    text4        0076F0
__end_of_GLCD_DataWrite   text5        0076D2
__end_of_GLCD_Init        text1        007738
__end_of_GLCD_SelectPage0 text3        0076A4
__end_of_GLCD_SelectPage1 text2        0076AA
__end_of__initialization  cinit        0076AA
__end_of_main             text0        0077FE
__end_of_tcb_b            mediumconst  007FFF
__end_of_tcb_n            mediumconst  007BFF
__initialization          cinit        0076AA
__mediumconst             mediumconst  0077FE
__pcinit                  cinit        0076AA
__pcstackCOMRAM           cstackCOMRAM 000001
__pmediumconst            mediumconst  0077FE
__ptext0                  text0        007738
__ptext1                  text1        0076F0
__ptext2                  text2        0076A4
__ptext3                  text3        00769E
__ptext4                  text4        0076D2
__ptext5                  text5        0076B4
__ramtop                  ramtop       000800
__smallconst              smallconst   000000
_main                     text0        007738
_tcb_b                    mediumconst  007BFF
_tcb_n                    mediumconst  0077FF
end_of_initialization     cinit        0076AA
intlevel0                 text         000000
intlevel1                 text         000000
intlevel2                 text         000000
intlevel3                 text         000000
isa$std                   (abs)        000001
isa$xinst                 (abs)        000000
main@i                    cstackCOMRAM 000005
main@j                    cstackCOMRAM 000006
stackhi                   (abs)        000000
stacklo                   (abs)        000000
start                     init         000000
start_initialization      cinit        0076AA


MODULE INFORMATION

Module		Function		Class		Link	Load	Size
shared
		__initialization		CODE           	76AA	0000	1
		_tcb_b         		MEDIUMCONST    	7BFF	0000	1024
		_tcb_n         		MEDIUMCONST    	77FF	0000	1024

shared estimated size: 2049

glcd.c
		_GLCD_Init     		CODE           	76F0	0000	72
		_GLCD_SelectPage0		CODE           	769E	0000	6
		_GLCD_SelectPage1		CODE           	76A4	0000	6
		_GLCD_CmdWrite 		CODE           	76D2	0000	30
		_GLCD_DataWrite		CODE           	76B4	0000	30

glcd.c estimated size: 144

main.c
		_main          		CODE           	7738	0000	198

main.c estimated size: 198

